// Jest Snapshot v1, https://goo.gl/fbAQLP

exports[`Field component Field: renders correctly 1`] = `
<div>
  Loading
</div>
`;
